=== Map: Altata ===
Wrote /home/frazier/ohi_goc_prep/_pressures/access/localities_support_layers/altata_support_layers.html
=== Map: Bahía de Kino ===
Wrote /home/frazier/ohi_goc_prep/_pressures/access/localities_support_layers/bahia_de_kino_support_layers.html
=== Map: Bahía de Lobos ===
Wrote /home/frazier/ohi_goc_prep/_pressures/access/localities_support_layers/bahia_de_lobos_support_layers.html
=== Map: Bucerías ===
Wrote /home/frazier/ohi_goc_prep/_pressures/access/localities_support_layers/bucerias_support_layers.html
=== Map: Ejiodo Cerro Cabezon ===
Wrote /home/frazier/ohi_goc_prep/_pressures/access/localities_support_layers/ejiodo_cerro_cabezon_support_layers.html
=== Map: El Colorado ===
Wrote /home/frazier/ohi_goc_prep/_pressures/access/localities_support_layers/el_colorado_support_layers.html
=== Map: Empalme ===
Wrote /home/frazier/ohi_goc_prep/_pressures/access/localities_support_layers/empalme_support_layers.html
=== Map: Flamingos ===
Wrote /home/frazier/ohi_goc_prep/_pressures/access/localities_support_layers/flamingos_support_layers.html
=== Map: Golfo de Santa Clara ===
Wrote /home/frazier/ohi_goc_prep/_pressures/access/localities_support_layers/golfo_de_santa_clara_support_layers.html
=== Map: Guaymas ===
Wrote /home/frazier/ohi_goc_prep/_pressures/access/localities_support_layers/guaymas_support_layers.html
=== Map: Heroica Mulegé ===
Wrote /home/frazier/ohi_goc_prep/_pressures/access/localities_support_layers/heroica_mulege_support_layers.html
=== Map: Higuera Blanca ===
Wrote /home/frazier/ohi_goc_prep/_pressures/access/localities_support_layers/higuera_blanca_support_layers.html
=== Map: La Colonia ===
Wrote /home/frazier/ohi_goc_prep/_pressures/access/localities_support_layers/la_colonia_support_layers.html
=== Map: La Cruz de Huanacaxtle ===
Wrote /home/frazier/ohi_goc_prep/_pressures/access/localities_support_layers/la_cruz_de_huanacaxtle_support_layers.html
=== Map: La Paz ===
Wrote /home/frazier/ohi_goc_prep/_pressures/access/localities_support_layers/la_paz_support_layers.html
=== Map: La Peñita de Jaltemba ===
Wrote /home/frazier/ohi_goc_prep/_pressures/access/localities_support_layers/la_penita_de_jaltemba_support_layers.html
=== Map: La Reforma ===
Wrote /home/frazier/ohi_goc_prep/_pressures/access/localities_support_layers/la_reforma_support_layers.html
=== Map: La Ribera ===
Wrote /home/frazier/ohi_goc_prep/_pressures/access/localities_support_layers/la_ribera_support_layers.html
=== Map: Las Jarretaderas ===
Wrote /home/frazier/ohi_goc_prep/_pressures/access/localities_support_layers/las_jarretaderas_support_layers.html
=== Map: Las Juntas ===
Wrote /home/frazier/ohi_goc_prep/_pressures/access/localities_support_layers/las_juntas_support_layers.html
=== Map: Lo de Marcos ===
Wrote /home/frazier/ohi_goc_prep/_pressures/access/localities_support_layers/lo_de_marcos_support_layers.html
=== Map: Loreto ===
Wrote /home/frazier/ohi_goc_prep/_pressures/access/localities_support_layers/loreto_support_layers.html
=== Map: Los Barriles ===
Wrote /home/frazier/ohi_goc_prep/_pressures/access/localities_support_layers/los_barriles_support_layers.html
=== Map: Los Cabos ===
Wrote /home/frazier/ohi_goc_prep/_pressures/access/localities_support_layers/los_cabos_support_layers.html
=== Map: Mazatlán ===
Wrote /home/frazier/ohi_goc_prep/_pressures/access/localities_support_layers/mazatlan_support_layers.html
=== Map: Mezcales ===
Wrote /home/frazier/ohi_goc_prep/_pressures/access/localities_support_layers/mezcales_support_layers.html
=== Map: Nuevo Vallarta ===
Wrote /home/frazier/ohi_goc_prep/_pressures/access/localities_support_layers/nuevo_vallarta_support_layers.html
=== Map: Paredón Colorado ===
Wrote /home/frazier/ohi_goc_prep/_pressures/access/localities_support_layers/paredon_colorado_support_layers.html
=== Map: Puerto Libertad ===
Wrote /home/frazier/ohi_goc_prep/_pressures/access/localities_support_layers/puerto_libertad_support_layers.html
=== Map: Puerto Peñasco ===
Wrote /home/frazier/ohi_goc_prep/_pressures/access/localities_support_layers/puerto_penasco_support_layers.html
=== Map: Puerto Vallarta ===
Wrote /home/frazier/ohi_goc_prep/_pressures/access/localities_support_layers/puerto_vallarta_support_layers.html
=== Map: Punta Mita ===
Wrote /home/frazier/ohi_goc_prep/_pressures/access/localities_support_layers/punta_mita_support_layers.html
=== Map: San Blas ===
Wrote /home/frazier/ohi_goc_prep/_pressures/access/localities_support_layers/san_blas_support_layers.html
=== Map: San Carlos Nuevo Guaymas ===
Wrote /home/frazier/ohi_goc_prep/_pressures/access/localities_support_layers/san_carlos_nuevo_guaymas_support_layers.html
=== Map: San Felipe ===
Wrote /home/frazier/ohi_goc_prep/_pressures/access/localities_support_layers/san_felipe_support_layers.html
=== Map: Santa Rosalía ===
Wrote /home/frazier/ohi_goc_prep/_pressures/access/localities_support_layers/santa_rosalia_support_layers.html
=== Map: Sayulita ===
Wrote /home/frazier/ohi_goc_prep/_pressures/access/localities_support_layers/sayulita_support_layers.html
=== Map: Teacapán ===
Wrote /home/frazier/ohi_goc_prep/_pressures/access/localities_support_layers/teacapan_support_layers.html
=== Map: Topolobampo ===
Wrote /home/frazier/ohi_goc_prep/_pressures/access/localities_support_layers/topolobampo_support_layers.html
=== Map: Yavaros (Isla las Viejas) ===
Wrote /home/frazier/ohi_goc_prep/_pressures/access/localities_support_layers/yavaros_isla_las_viejas_support_layers.html
=== Map: Yelapa ===
Wrote /home/frazier/ohi_goc_prep/_pressures/access/localities_support_layers/yelapa_support_layers.html
Done: 41 maps
